DEBUG 2025-07-21 14:52:36.289 UTC: 	 CRAB Client version: v3.250522
DEBUG 2025-07-21 14:52:36.290 UTC: 	 Running on: Linux lxplus806.cern.ch 4.18.0-553.56.1.el8_10.x86_64 #1 SMP Mon Jun 2 12:33:13 EDT 2025 x86_64 x86_64 x86_64 GNU/Linux
DEBUG 2025-07-21 14:52:36.290 UTC: 	 Not using Singularity
DEBUG 2025-07-21 14:52:36.290 UTC: 	 Operating System: Red Hat Enterprise Linux 8.10 (Ootpa)
DEBUG 2025-07-21 14:52:36.290 UTC: 	 Executing command: 'submit'
DEBUG 2025-07-21 14:52:36.290 UTC: 	 Found CRAB cache file /afs/cern.ch/user/y/yeo/.crab3
INFO 2025-07-21 14:52:36.290 UTC: 	 Will use CRAB configuration file submit_crab.py
DEBUG 2025-07-21 14:52:36.290 UTC: 	 Loading CRAB configuration file.
ERROR 2025-07-21 14:52:36.295 UTC: 	 Error while loading CRAB configuration:
Unable to find a Configuration object instance in file:
/afs/cern.ch/user/y/yeo/4l/24.12.12/CMSSW_14_0_19/src/ZprimeTo4l/crab/submit_crab.py

Please refer to https://twiki.cern.ch/twiki/bin/view/CMSPublic/CRAB3FAQ
See the ./crab.log file for more details.
The documentation about the CRAB configuration file can be found in https://twiki.cern.ch/twiki/bin/view/CMSPublic/CRAB3ConfigurationFile
ERROR 2025-07-21 14:52:36.295 UTC: 	 Caught ClientException exception
Traceback (most recent call last):
  File "/cvmfs/cms.cern.ch/share/cms/crab-prod/v3.250522.00/lib/CRABClient/Commands/SubCommand.py", line 56, in loadConfig
    self.configuration = loadConfigurationFile(os.path.abspath(configname))
  File "/cvmfs/cms.cern.ch/share/cms/crab-prod/v3.250522.00/lib/WMCore/Configuration.py", line 367, in loadConfigurationFile
    raise RuntimeError(msg)
RuntimeError: Unable to find a Configuration object instance in file:
/afs/cern.ch/user/y/yeo/4l/24.12.12/CMSSW_14_0_19/src/ZprimeTo4l/crab/submit_crab.py


During handling of the above exception, another exception occurred:

Traceback (most recent call last):
  File "/cvmfs/cms.cern.ch/share/cms/crab-prod/v3.250522.00/bin/crab.py", line 157, in <module>
    client()
  File "/cvmfs/cms.cern.ch/share/cms/crab-prod/v3.250522.00/bin/crab.py", line 135, in __call__
    self.cmd = sub_cmd(self.logger, args[1:])  # the crab command to be executed
  File "/cvmfs/cms.cern.ch/share/cms/crab-prod/v3.250522.00/lib/CRABClient/Commands/submit.py", line 37, in __init__
    SubCommand.__init__(self, logger, cmdargs, disable_interspersed_args=True)
  File "/cvmfs/cms.cern.ch/share/cms/crab-prod/v3.250522.00/lib/CRABClient/Commands/SubCommand.py", line 326, in __init__
    self.loadConfig(self.options.config, self.args)
  File "/cvmfs/cms.cern.ch/share/cms/crab-prod/v3.250522.00/lib/CRABClient/Commands/SubCommand.py", line 90, in loadConfig
    raise ConfigurationException(configmsg)
CRABClient.ClientExceptions.ConfigurationException: Error while loading CRAB configuration:
Unable to find a Configuration object instance in file:
/afs/cern.ch/user/y/yeo/4l/24.12.12/CMSSW_14_0_19/src/ZprimeTo4l/crab/submit_crab.py

Please refer to https://twiki.cern.ch/twiki/bin/view/CMSPublic/CRAB3FAQ
See the ./crab.log file for more details.
The documentation about the CRAB configuration file can be found in https://twiki.cern.ch/twiki/bin/view/CMSPublic/CRAB3ConfigurationFile
INFO 2025-07-21 14:52:36.298 UTC: 	 Log file is /afs/cern.ch/user/y/yeo/4l/24.12.12/CMSSW_14_0_19/src/ZprimeTo4l/crab/crab.log
